flash-attn not found — falling back to sdpa attention.
Loading MATH …
  Train: 200  Val: 50
Loading model …
Warning: You are sending unauthenticated requests to the HF Hub. Please set a HF_TOKEN to enable higher rate limits and faster downloads.
Loading weights:   0%|          | 0/339 [00:00<?, ?it/s]Loading weights: 100%|██████████| 339/339 [00:00<00:00, 12835.77it/s]
trainable params: 40,370,176 || all params: 7,655,986,688 || trainable%: 0.5273

============================================================
  Iteration 1/20
============================================================
  Generating predictions …
The following generation flags are not valid and may be ignored: ['temperature', 'top_p', 'top_k']. Set `TRANSFORMERS_VERBOSITY=info` for more details.
  Fine-tuning on 96/200 self-judged-correct examples …
/usr/local/lib/python3.11/dist-packages/torch/utils/checkpoint.py:1399: FutureWarning: `torch.cpu.amp.autocast(args...)` is deprecated. Please use `torch.amp.autocast('cpu', args...)` instead.
  with device_autocast_ctx, torch.cpu.amp.autocast(**cpu_autocast_kwargs), recompute_context:  # type: ignore[attr-defined]
  Evaluating on val set …
  gap=0.1300  self=0.4800  gt_train=0.3500  gt_val=0.4600  loss=0.0650  hard_negs=31

============================================================
  Iteration 2/20
============================================================
  Generating predictions …
  Fine-tuning on 106/200 self-judged-correct examples …
  Evaluating on val set …
  gap=0.1300  self=0.5300  gt_train=0.4000  gt_val=0.3800  loss=0.0369  hard_negs=29

============================================================
  Iteration 3/20
============================================================
  Generating predictions …
  Fine-tuning on 110/200 self-judged-correct examples …
  Evaluating on val set …
  gap=0.1500  self=0.5500  gt_train=0.4000  gt_val=0.3800  loss=0.0256  hard_negs=35

============================================================
  Iteration 4/20
============================================================
  Generating predictions …
  Fine-tuning on 123/200 self-judged-correct examples …
  Evaluating on val set …
  gap=0.2050  self=0.6150  gt_train=0.4100  gt_val=0.4000  loss=0.0175  hard_negs=43

============================================================
  Iteration 5/20
============================================================
  Generating predictions …
  Fine-tuning on 127/200 self-judged-correct examples …
  Evaluating on val set …
  gap=0.2150  self=0.6350  gt_train=0.4200  gt_val=0.4200  loss=0.0172  hard_negs=43

============================================================
  Iteration 6/20
============================================================
  Generating predictions …
  Fine-tuning on 128/200 self-judged-correct examples …
  Evaluating on val set …
  gap=0.2250  self=0.6400  gt_train=0.4150  gt_val=0.4000  loss=0.0147  hard_negs=48

============================================================
  Iteration 7/20
============================================================
  Generating predictions …
  Fine-tuning on 124/200 self-judged-correct examples …
  Evaluating on val set …
  gap=0.2050  self=0.6200  gt_train=0.4150  gt_val=0.4200  loss=0.0129  hard_negs=41

============================================================
  Iteration 8/20
============================================================
  Generating predictions …
  Fine-tuning on 134/200 self-judged-correct examples …
  Evaluating on val set …
  gap=0.2400  self=0.6700  gt_train=0.4300  gt_val=0.3800  loss=0.0098  hard_negs=50

============================================================
  Iteration 9/20
============================================================
  Generating predictions …
  Fine-tuning on 138/200 self-judged-correct examples …
  Evaluating on val set …
  gap=0.2600  self=0.6900  gt_train=0.4300  gt_val=0.3800  loss=0.0072  hard_negs=54

============================================================
  Iteration 10/20
============================================================
  Generating predictions …
  Fine-tuning on 148/200 self-judged-correct examples …
  Evaluating on val set …
  gap=0.3000  self=0.7400  gt_train=0.4400  gt_val=0.3400  loss=0.0064  hard_negs=60

============================================================
  Iteration 11/20
============================================================
  Generating predictions …
  Fine-tuning on 143/200 self-judged-correct examples …
  Evaluating on val set …
  gap=0.2650  self=0.7150  gt_train=0.4500  gt_val=0.3600  loss=0.0040  hard_negs=54

============================================================
  Iteration 12/20
============================================================
  Generating predictions …
  Fine-tuning on 148/200 self-judged-correct examples …
  Evaluating on val set …
  gap=0.2900  self=0.7400  gt_train=0.4500  gt_val=0.3800  loss=0.0035  hard_negs=59

============================================================
  Iteration 13/20
============================================================
  Generating predictions …
  Fine-tuning on 147/200 self-judged-correct examples …
  Evaluating on val set …
  gap=0.2800  self=0.7350  gt_train=0.4550  gt_val=0.3800  loss=0.0021  hard_negs=57

============================================================
  Iteration 14/20
============================================================
  Generating predictions …
  Fine-tuning on 147/200 self-judged-correct examples …
  Evaluating on val set …
  gap=0.2800  self=0.7350  gt_train=0.4550  gt_val=0.3600  loss=0.0016  hard_negs=56

============================================================
  Iteration 15/20
============================================================
  Generating predictions …
  Fine-tuning on 148/200 self-judged-correct examples …
  Evaluating on val set …
  gap=0.2850  self=0.7400  gt_train=0.4550  gt_val=0.3800  loss=0.0016  hard_negs=57

============================================================
  Iteration 16/20
============================================================
  Generating predictions …
  Fine-tuning on 150/200 self-judged-correct examples …
  Evaluating on val set …
  gap=0.2900  self=0.7500  gt_train=0.4600  gt_val=0.3800  loss=0.0010  hard_negs=59

============================================================
  Iteration 17/20
============================================================
  Generating predictions …
  Fine-tuning on 148/200 self-judged-correct examples …
  Evaluating on val set …
  gap=0.2800  self=0.7400  gt_train=0.4600  gt_val=0.3600  loss=0.0011  hard_negs=57

============================================================
  Iteration 18/20
============================================================
  Generating predictions …
  Fine-tuning on 150/200 self-judged-correct examples …
  Evaluating on val set …
  gap=0.2900  self=0.7500  gt_train=0.4600  gt_val=0.3600  loss=0.0010  hard_negs=59

============================================================
  Iteration 19/20
============================================================
  Generating predictions …
  Fine-tuning on 151/200 self-judged-correct examples …
  Evaluating on val set …
  gap=0.2950  self=0.7550  gt_train=0.4600  gt_val=0.3600  loss=0.0012  hard_negs=59

============================================================
  Iteration 20/20
============================================================
  Generating predictions …
  Fine-tuning on 152/200 self-judged-correct examples …
  Evaluating on val set …
  gap=0.2950  self=0.7600  gt_train=0.4650  gt_val=0.3800  loss=0.0012  hard_negs=59
Checkpoint saved → models/baseline_seed43/iter_020
Metrics saved → logs/baseline_seed43/metrics.csv
