flash-attn not found — falling back to sdpa attention.
Loading MATH …
  Train: 200  Val: 50
Loading model …
Warning: You are sending unauthenticated requests to the HF Hub. Please set a HF_TOKEN to enable higher rate limits and faster downloads.
Loading weights:   0%|          | 0/339 [00:00<?, ?it/s]Loading weights: 100%|██████████| 339/339 [00:00<00:00, 13579.50it/s]
trainable params: 40,370,176 || all params: 7,655,986,688 || trainable%: 0.5273

============================================================
  Iteration 1/20
============================================================
  Generating predictions …
The following generation flags are not valid and may be ignored: ['temperature', 'top_p', 'top_k']. Set `TRANSFORMERS_VERBOSITY=info` for more details.
  Fine-tuning on 96/200 self-judged-correct examples …
/usr/local/lib/python3.11/dist-packages/torch/utils/checkpoint.py:1399: FutureWarning: `torch.cpu.amp.autocast(args...)` is deprecated. Please use `torch.amp.autocast('cpu', args...)` instead.
  with device_autocast_ctx, torch.cpu.amp.autocast(**cpu_autocast_kwargs), recompute_context:  # type: ignore[attr-defined]
  Evaluating on val set …
  gap=0.1300  self=0.4800  gt_train=0.3500  gt_val=0.4000  loss=0.0651  hard_negs=31

============================================================
  Iteration 2/20
============================================================
  Generating predictions …
  Fine-tuning on 110/200 self-judged-correct examples …
  Evaluating on val set …
  gap=0.1850  self=0.5500  gt_train=0.3650  gt_val=0.3800  loss=0.0369  hard_negs=40

============================================================
  Iteration 3/20
============================================================
  Injecting 50% hard negatives …
  Generating predictions …
  Fine-tuning on 120/200 self-judged-correct examples …
  Evaluating on val set …
  gap=0.2900  self=0.6000  gt_train=0.3100  gt_val=0.4000  loss=0.2650  hard_negs=62

============================================================
  Iteration 4/20
============================================================
  Generating predictions …
  Fine-tuning on 113/200 self-judged-correct examples …
  Evaluating on val set …
  gap=0.1500  self=0.5650  gt_train=0.4150  gt_val=0.4200  loss=0.0268  hard_negs=31

============================================================
  Iteration 5/20
============================================================
  Generating predictions …
  Fine-tuning on 100/200 self-judged-correct examples …
  Evaluating on val set …
  gap=0.1150  self=0.5000  gt_train=0.3850  gt_val=0.4000  loss=0.0225  hard_negs=26

============================================================
  Iteration 6/20
============================================================
  Injecting 50% hard negatives …
  Generating predictions …
  Fine-tuning on 108/200 self-judged-correct examples …
  Evaluating on val set …
  gap=0.3200  self=0.5400  gt_train=0.2200  gt_val=0.4400  loss=0.2666  hard_negs=66

============================================================
  Iteration 7/20
============================================================
  Generating predictions …
  Fine-tuning on 108/200 self-judged-correct examples …
  Evaluating on val set …
  gap=0.1450  self=0.5400  gt_train=0.3950  gt_val=0.4200  loss=0.0196  hard_negs=32

============================================================
  Iteration 8/20
============================================================
  Generating predictions …
  Fine-tuning on 108/200 self-judged-correct examples …
  Evaluating on val set …
  gap=0.1100  self=0.5400  gt_train=0.4300  gt_val=0.4000  loss=0.0219  hard_negs=28

============================================================
  Iteration 9/20
============================================================
  Injecting 50% hard negatives …
  Generating predictions …
  Fine-tuning on 146/200 self-judged-correct examples …
  Evaluating on val set …
  gap=0.4100  self=0.7300  gt_train=0.3200  gt_val=0.4200  loss=0.1846  hard_negs=82

============================================================
  Iteration 10/20
============================================================
  Generating predictions …
  Fine-tuning on 109/200 self-judged-correct examples …
  Evaluating on val set …
  gap=0.1300  self=0.5450  gt_train=0.4150  gt_val=0.4200  loss=0.0147  hard_negs=30

============================================================
  Iteration 11/20
============================================================
  Generating predictions …
  Fine-tuning on 118/200 self-judged-correct examples …
  Evaluating on val set …
  gap=0.1800  self=0.5900  gt_train=0.4100  gt_val=0.4400  loss=0.0141  hard_negs=37

============================================================
  Iteration 12/20
============================================================
  Injecting 50% hard negatives …
  Generating predictions …
  Fine-tuning on 147/200 self-judged-correct examples …
  Evaluating on val set …
  gap=0.4500  self=0.7350  gt_train=0.2850  gt_val=0.4400  loss=0.1680  hard_negs=91

============================================================
  Iteration 13/20
============================================================
  Generating predictions …
  Fine-tuning on 126/200 self-judged-correct examples …
  Evaluating on val set …
  gap=0.1950  self=0.6300  gt_train=0.4350  gt_val=0.4400  loss=0.0096  hard_negs=40

============================================================
  Iteration 14/20
============================================================
  Generating predictions …
  Fine-tuning on 127/200 self-judged-correct examples …
  Evaluating on val set …
  gap=0.1700  self=0.6350  gt_train=0.4650  gt_val=0.4200  loss=0.0121  hard_negs=40

============================================================
  Iteration 15/20
============================================================
  Injecting 50% hard negatives …
  Generating predictions …
  Fine-tuning on 148/200 self-judged-correct examples …
  Evaluating on val set …
  gap=0.4100  self=0.7400  gt_train=0.3300  gt_val=0.3800  loss=0.1107  hard_negs=94

============================================================
  Iteration 16/20
============================================================
  Generating predictions …
  Fine-tuning on 131/200 self-judged-correct examples …
  Evaluating on val set …
  gap=0.1900  self=0.6550  gt_train=0.4650  gt_val=0.4000  loss=0.0072  hard_negs=41

============================================================
  Iteration 17/20
============================================================
  Generating predictions …
  Fine-tuning on 132/200 self-judged-correct examples …
  Evaluating on val set …
  gap=0.1700  self=0.6600  gt_train=0.4900  gt_val=0.3600  loss=0.0138  hard_negs=37

============================================================
  Iteration 18/20
============================================================
  Injecting 50% hard negatives …
  Generating predictions …
  Fine-tuning on 150/200 self-judged-correct examples …
  Evaluating on val set …
  gap=0.3500  self=0.7500  gt_train=0.4000  gt_val=0.4000  loss=0.1479  hard_negs=77

============================================================
  Iteration 19/20
============================================================
  Generating predictions …
  Fine-tuning on 139/200 self-judged-correct examples …
  Evaluating on val set …
  gap=0.1700  self=0.6950  gt_train=0.5250  gt_val=0.4000  loss=0.0127  hard_negs=38

============================================================
  Iteration 20/20
============================================================
  Generating predictions …
  Fine-tuning on 138/200 self-judged-correct examples …
  Evaluating on val set …
  gap=0.1650  self=0.6900  gt_train=0.5250  gt_val=0.4200  loss=0.0182  hard_negs=39
Checkpoint saved → models/injection_seed43/iter_020
Metrics saved → logs/injection_seed43/metrics.csv
